// Jest Snapshot v1, https://goo.gl/fbAQLP

exports[`Dashboard should match the snapshot 1`] = `ShallowWrapper {}`;

exports[`DashboardListing should match the snapshot 1`] = `ShallowWrapper {}`;
