// Jest Snapshot v1, https://goo.gl/fbAQLP

exports[`ClientHome should match the snapshot 1`] = `ShallowWrapper {}`;

exports[`ListingCard should match the snapshot 1`] = `ShallowWrapper {}`;
