// Jest Snapshot v1, https://goo.gl/fbAQLP

exports[`Listing should match the snapshot 1`] = `ShallowWrapper {}`;

exports[`ListingSubmission should match the snapshot 1`] = `ShallowWrapper {}`;
