// Jest Snapshot v1, https://goo.gl/fbAQLP

exports[`ConversationItem should match the snapshot 1`] = `ShallowWrapper {}`;

exports[`Conversations should match the snapshot 1`] = `ShallowWrapper {}`;

exports[`Messages should match the snapshot 1`] = `ShallowWrapper {}`;
